Error: serviceinstances.servicecatalog.k8s.io "fdhfgnfgnfg" not found
